<?xml version="1.0" encoding="utf-8"?><testsuites><testsuite name="pytest" errors="0" failures="0" skipped="0" tests="4" time="66.176" timestamp="2025-03-05T16:11:45.543956" hostname="PELI002"><testcase classname="tests.model.test_model.TestModel" name="test_model_fit" time="13.001" /><testcase classname="tests.model.test_model.TestModel" name="test_model_predict" time="5.139" /><testcase classname="tests.model.test_model.TestModel" name="test_model_preprocess_for_serving" time="5.299" /><testcase classname="tests.model.test_model.TestModel" name="test_model_preprocess_for_training" time="8.063" /></testsuite></testsuites>